{"version":"1.0.0","resources":{"test-pod-c82fd911":{"path":"test/pod"}}}