apiVersion: v1
kind: Pod
metadata:
  name: test-pod-c82fd911
spec:
  containers:
    - image: paulbouwer/hello-kubernetes:1.7
      name: hello-kubernetes
      ports:
        - containerPort: 8080
