{"version":"1.0.0","resources":{"test-pod-c815bc91":{"path":"test/Pod"}}}