apiVersion: v1
kind: Pod
metadata:
  name: test-pod-c815bc91
spec:
  containers:
    - image: paulbower/hello-kubernetes:1.7
      name: hello-kubernetes
      ports:
        - containerPort: 8080
