// Jest Snapshot v1, https://goo.gl/fbAQLP

exports[`snapshot 1`] = `
Array [
  Object {
    "apiVersion": "v1",
    "kind": "Service",
    "metadata": Object {
      "name": "hello-service-9878228b",
    },
    "spec": Object {
      "ports": Array [
        Object {
          "port": 80,
          "targetPort": 8080,
        },
      ],
      "selector": Object {
        "app": "hello-k8s",
      },
      "type": "LoadBalancer",
    },
  },
  Object {
    "apiVersion": "apps/v1",
    "kind": "Deployment",
    "metadata": Object {
      "name": "hello-deployment-c51e9e6b",
    },
    "spec": Object {
      "replicas": 1,
      "selector": Object {
        "matchLabels": Object {
          "app": "hello-k8s",
        },
      },
      "template": Object {
        "metadata": Object {
          "labels": Object {
            "app": "hello-k8s",
          },
        },
        "spec": Object {
          "containers": Array [
            Object {
              "image": "paulbouwer/hello-kubernetes:1.7",
              "name": "hello-kubernetes",
              "ports": Array [
                Object {
                  "containerPort": 8080,
                },
              ],
            },
          ],
        },
      },
    },
  },
]
`;
