{"version":"1.0.0","resources":{"test-service-c8372f6e":{"path":"test/service"},"test-deployment-c84c12f6":{"path":"test/deployment"}}}