apiVersion: v1
kind: Service
metadata:
  name: test-service-c8372f6e
spec:
  ports:
    - port: 80
      targetPort: 8000
  selector:
    app: test
  type: LoadBalancer
---
apiVersion: apps/v1
kind: Deployment
metadata:
  name: test-deployment-c84c12f6
spec:
  replicas: 2
  selector:
    matchLabels:
      app: test
  template:
    metadata:
      labels:
        app: test
    spec:
      containers:
        - image: paulbouwer/hello-kubernetes:1.7
          name: hello-kubernetes
          ports:
            - containerPort: 8080
