// Jest Snapshot v1, https://goo.gl/fbAQLP

exports[`addDirectory() adds all files in a directory to the config map "exclude" exclusion via globs 1`] = `
Array [
  Object {
    "apiVersion": "v1",
    "data": Object {
      "file1.txt": "Hello, world!",
    },
    "kind": "ConfigMap",
    "metadata": Object {
      "name": "test-my-config-map-configmap-d0fa5644",
    },
  },
]
`;

exports[`addDirectory() adds all files in a directory to the config map "prefix" can be used to prefix keys" 1`] = `
Array [
  Object {
    "apiVersion": "v1",
    "data": Object {
      "prefix.file1.txt": "Hello, world!",
      "prefix.file2.html": "<html>Hey</html>",
    },
    "kind": "ConfigMap",
    "metadata": Object {
      "name": "test-my-config-map-configmap-d0fa5644",
    },
  },
]
`;

exports[`addDirectory() adds all files in a directory to the config map keys are based on file names 1`] = `
Array [
  Object {
    "apiVersion": "v1",
    "data": Object {
      "file1.txt": "Hello, world!",
      "file2.html": "<html>Hey</html>",
    },
    "kind": "ConfigMap",
    "metadata": Object {
      "name": "test-my-config-map-configmap-d0fa5644",
    },
  },
]
`;

exports[`addFile() adds local files to the config map 1`] = `
Array [
  Object {
    "apiVersion": "v1",
    "data": Object {
      "file1.txt": "Hello, world!",
      "hey-there": "<html>Hey</html>",
    },
    "kind": "ConfigMap",
    "metadata": Object {
      "name": "test-my-config-map-configmap-d0fa5644",
    },
  },
]
`;

exports[`metadata is synthesized 1`] = `
Array [
  Object {
    "apiVersion": "v1",
    "kind": "ConfigMap",
    "metadata": Object {
      "annotations": Object {},
      "labels": Object {},
      "name": "my-name",
    },
  },
]
`;
