// Jest Snapshot v1, https://goo.gl/fbAQLP

exports[`generate and compile 1.14.0 1`] = `
Object {
  "author": Object {
    "name": "dummy@dummy.com",
    "roles": Array [
      "author",
    ],
  },
  "dependencies": Object {
    "@aws-cdk/core": "*",
    "cdk8s": "*",
  },
  "dependencyClosure": Object {
    "@aws-cdk/core": Object {
      "targets": Object {
        "dotnet": Object {
          "assemblyOriginatorKeyFile": "../../key.snk",
          "iconUrl": "https://raw.githubusercontent.com/aws/aws-cdk/master/logo/default-256-dark.png",
          "namespace": "Amazon.CDK",
          "packageId": "Amazon.CDK",
          "signAssembly": true,
        },
        "java": Object {
          "maven": Object {
            "artifactId": "core",
            "groupId": "software.amazon.awscdk",
          },
          "package": "software.amazon.awscdk.core",
        },
        "js": Object {
          "npm": "@aws-cdk/core",
        },
        "python": Object {
          "distName": "aws-cdk.core",
          "module": "aws_cdk.core",
        },
      },
    },
    "@aws-cdk/cx-api": Object {
      "targets": Object {
        "dotnet": Object {
          "assemblyOriginatorKeyFile": "../../key.snk",
          "iconUrl": "https://raw.githubusercontent.com/aws/aws-cdk/master/logo/default-256-dark.png",
          "namespace": "Amazon.CDK.CXAPI",
          "packageId": "Amazon.CDK.CXAPI",
          "signAssembly": true,
        },
        "java": Object {
          "maven": Object {
            "artifactId": "cdk-cx-api",
            "groupId": "software.amazon.awscdk",
          },
          "package": "software.amazon.awscdk.cxapi",
        },
        "js": Object {
          "npm": "@aws-cdk/cx-api",
        },
        "python": Object {
          "distName": "aws-cdk.cx-api",
          "module": "aws_cdk.cx_api",
        },
      },
    },
    "cdk8s": Object {
      "targets": Object {
        "dotnet": Object {
          "namespace": "Org.Cdk8s",
          "packageId": "Org.Cdk8s",
        },
        "java": Object {
          "maven": Object {
            "artifactId": "cdk8s",
            "groupId": "org.cdk8s",
          },
          "package": "org.cdk8s",
        },
        "js": Object {
          "npm": "cdk8s",
        },
        "python": Object {
          "distName": "cdk8s",
          "module": "cdk8s",
        },
      },
    },
  },
  "description": "dummy",
  "fingerprint": "HD4O8JPi7/yzcp+ASh//v9CjPwF8WUUjrfUevSbCO9A=",
  "homepage": "http://repo",
  "jsiiVersion": "1.0.0 (build eb2db9d)",
  "license": "Apache-2.0",
  "name": "dummy",
  "repository": Object {
    "type": "git",
    "url": "http://repo",
  },
  "schema": "jsii/0.10.0",
  "targets": Object {
    "js": Object {
      "npm": "dummy",
    },
    "python": Object {
      "distName": "index",
      "module": "index",
    },
  },
  "types": Object {},
  "version": "0.0.0",
}
`;
