// Jest Snapshot v1, https://goo.gl/fbAQLP

exports[`Placeholder Empty 1`] = `Array []`;
