// Jest Snapshot v1, https://goo.gl/fbAQLP

exports[`snapshot 1`] = `
Array [
  Object {
    "apiVersion": "jenkins.io/v1alpha2",
    "kind": "Jenkins",
    "metadata": Object {
      "name": "hello-jenkins-6847f922",
    },
    "spec": Object {
      "jenkinsAPISettings": Object {
        "authorizationStrategy": "foo",
      },
      "master": Object {
        "disableCSRFProtection": false,
      },
      "seedJobs": Array [
        Object {
          "description": "Jenkins Operator repository",
          "id": "jenkins-operator",
          "repositoryBranch": "master",
          "repositoryUrl": "https://github.com/jenkinsci/kubernetes-operator.git",
          "targets": "cicd/jobs/*.jenkins",
        },
      ],
    },
  },
  Object {
    "apiVersion": "mattermost.com/v1alpha1",
    "kind": "ClusterInstallation",
    "metadata": Object {
      "name": "hello-foo-6845e4bd",
    },
    "spec": Object {
      "database": Object {
        "replicas": 4,
        "storageSize": "10Gi",
      },
      "ingressName": "example.mattermost-example.dev",
      "mattermostLicenseSecret": "mattermost-license",
      "minio": Object {
        "replicas": 4,
        "storageSize": "10Gi",
      },
      "replicas": 2,
      "serviceAnnotations": Object {
        "service.beta.kubernetes.io/aws-load-balancer-backend-protocol": "tcp",
        "service.beta.kubernetes.io/aws-load-balancer-ssl-cert": "arn:aws:acm:us-east-1:xxxx:certificate/xxxxx-xxx-xxx-xxx-xxxxx",
        "service.beta.kubernetes.io/aws-load-balancer-ssl-ports": "https",
      },
      "useServiceLoadBalancer": true,
    },
  },
]
`;
